Archive member included to satisfy reference by file (symbol)

C:/ST/STM32CubeIDE_1.16.0/STM32CubeIDE/plugins/com.st.stm32cube.ide.mcu.externaltools.gnu-tools-for-stm32.13.3.rel1.win32_1.0.0.202411081344/tools/bin/../lib/gcc/arm-none-eabi/13.3.1/../../../../arm-none-eabi/lib/thumb/v7e-m+fp/hard\libc_nano.a(libc_a-exit.o)
                              C:/ST/STM32CubeIDE_1.16.0/STM32CubeIDE/plugins/com.st.stm32cube.ide.mcu.externaltools.gnu-tools-for-stm32.13.3.rel1.win32_1.0.0.202411081344/tools/bin/../lib/gcc/arm-none-eabi/13.3.1/../../../../arm-none-eabi/lib/thumb/v7e-m+fp/hard/crt0.o (exit)
C:/ST/STM32CubeIDE_1.16.0/STM32CubeIDE/plugins/com.st.stm32cube.ide.mcu.externaltools.gnu-tools-for-stm32.13.3.rel1.win32_1.0.0.202411081344/tools/bin/../lib/gcc/arm-none-eabi/13.3.1/../../../../arm-none-eabi/lib/thumb/v7e-m+fp/hard\libc_nano.a(libc_a-findfp.o)
                              C:/ST/STM32CubeIDE_1.16.0/STM32CubeIDE/plugins/com.st.stm32cube.ide.mcu.externaltools.gnu-tools-for-stm32.13.3.rel1.win32_1.0.0.202411081344/tools/bin/../lib/gcc/arm-none-eabi/13.3.1/../../../../arm-none-eabi/lib/thumb/v7e-m+fp/hard\libc_nano.a(libc_a-exit.o) (__stdio_exit_handler)
C:/ST/STM32CubeIDE_1.16.0/STM32CubeIDE/plugins/com.st.stm32cube.ide.mcu.externaltools.gnu-tools-for-stm32.13.3.rel1.win32_1.0.0.202411081344/tools/bin/../lib/gcc/arm-none-eabi/13.3.1/../../../../arm-none-eabi/lib/thumb/v7e-m+fp/hard\libc_nano.a(libc_a-fwalk.o)
                              C:/ST/STM32CubeIDE_1.16.0/STM32CubeIDE/plugins/com.st.stm32cube.ide.mcu.externaltools.gnu-tools-for-stm32.13.3.rel1.win32_1.0.0.202411081344/tools/bin/../lib/gcc/arm-none-eabi/13.3.1/../../../../arm-none-eabi/lib/thumb/v7e-m+fp/hard\libc_nano.a(libc_a-findfp.o) (_fwalk_sglue)
C:/ST/STM32CubeIDE_1.16.0/STM32CubeIDE/plugins/com.st.stm32cube.ide.mcu.externaltools.gnu-tools-for-stm32.13.3.rel1.win32_1.0.0.202411081344/tools/bin/../lib/gcc/arm-none-eabi/13.3.1/../../../../arm-none-eabi/lib/thumb/v7e-m+fp/hard\libc_nano.a(libc_a-stdio.o)
                              C:/ST/STM32CubeIDE_1.16.0/STM32CubeIDE/plugins/com.st.stm32cube.ide.mcu.externaltools.gnu-tools-for-stm32.13.3.rel1.win32_1.0.0.202411081344/tools/bin/../lib/gcc/arm-none-eabi/13.3.1/../../../../arm-none-eabi/lib/thumb/v7e-m+fp/hard\libc_nano.a(libc_a-findfp.o) (__sread)
C:/ST/STM32CubeIDE_1.16.0/STM32CubeIDE/plugins/com.st.stm32cube.ide.mcu.externaltools.gnu-tools-for-stm32.13.3.rel1.win32_1.0.0.202411081344/tools/bin/../lib/gcc/arm-none-eabi/13.3.1/../../../../arm-none-eabi/lib/thumb/v7e-m+fp/hard\libc_nano.a(libc_a-memset.o)
                              C:/ST/STM32CubeIDE_1.16.0/STM32CubeIDE/plugins/com.st.stm32cube.ide.mcu.externaltools.gnu-tools-for-stm32.13.3.rel1.win32_1.0.0.202411081344/tools/bin/../lib/gcc/arm-none-eabi/13.3.1/../../../../arm-none-eabi/lib/thumb/v7e-m+fp/hard/crt0.o (memset)
C:/ST/STM32CubeIDE_1.16.0/STM32CubeIDE/plugins/com.st.stm32cube.ide.mcu.externaltools.gnu-tools-for-stm32.13.3.rel1.win32_1.0.0.202411081344/tools/bin/../lib/gcc/arm-none-eabi/13.3.1/../../../../arm-none-eabi/lib/thumb/v7e-m+fp/hard\libc_nano.a(libc_a-closer.o)
                              C:/ST/STM32CubeIDE_1.16.0/STM32CubeIDE/plugins/com.st.stm32cube.ide.mcu.externaltools.gnu-tools-for-stm32.13.3.rel1.win32_1.0.0.202411081344/tools/bin/../lib/gcc/arm-none-eabi/13.3.1/../../../../arm-none-eabi/lib/thumb/v7e-m+fp/hard\libc_nano.a(libc_a-stdio.o) (_close_r)
C:/ST/STM32CubeIDE_1.16.0/STM32CubeIDE/plugins/com.st.stm32cube.ide.mcu.externaltools.gnu-tools-for-stm32.13.3.rel1.win32_1.0.0.202411081344/tools/bin/../lib/gcc/arm-none-eabi/13.3.1/../../../../arm-none-eabi/lib/thumb/v7e-m+fp/hard\libc_nano.a(libc_a-reent.o)
                              C:/ST/STM32CubeIDE_1.16.0/STM32CubeIDE/plugins/com.st.stm32cube.ide.mcu.externaltools.gnu-tools-for-stm32.13.3.rel1.win32_1.0.0.202411081344/tools/bin/../lib/gcc/arm-none-eabi/13.3.1/../../../../arm-none-eabi/lib/thumb/v7e-m+fp/hard\libc_nano.a(libc_a-closer.o) (errno)
C:/ST/STM32CubeIDE_1.16.0/STM32CubeIDE/plugins/com.st.stm32cube.ide.mcu.externaltools.gnu-tools-for-stm32.13.3.rel1.win32_1.0.0.202411081344/tools/bin/../lib/gcc/arm-none-eabi/13.3.1/../../../../arm-none-eabi/lib/thumb/v7e-m+fp/hard\libc_nano.a(libc_a-impure.o)
                              C:/ST/STM32CubeIDE_1.16.0/STM32CubeIDE/plugins/com.st.stm32cube.ide.mcu.externaltools.gnu-tools-for-stm32.13.3.rel1.win32_1.0.0.202411081344/tools/bin/../lib/gcc/arm-none-eabi/13.3.1/../../../../arm-none-eabi/lib/thumb/v7e-m+fp/hard\libc_nano.a(libc_a-reent.o) (_impure_ptr)
C:/ST/STM32CubeIDE_1.16.0/STM32CubeIDE/plugins/com.st.stm32cube.ide.mcu.externaltools.gnu-tools-for-stm32.13.3.rel1.win32_1.0.0.202411081344/tools/bin/../lib/gcc/arm-none-eabi/13.3.1/../../../../arm-none-eabi/lib/thumb/v7e-m+fp/hard\libc_nano.a(libc_a-lseekr.o)
[...]
Memory Configuration

Name             Origin             Length             Attributes
RAM              0x20000000         0x00020000         xrw
FLASH            0x08000000         0x00080000         xr
*default*        0x00000000         0xffffffff

Linker script and memory map

LOAD C:/ST/STM32CubeIDE_1.16.0/STM32CubeIDE/plugins/com.st.stm32cube.ide.mcu.externaltools.gnu-tools-for-stm32.13.3.rel1.win32_1.0.0.202411081344/tools/bin/../lib/gcc/arm-none-eabi/13.3.1/thumb/v7e-m+fp/hard/crti.o
LOAD C:/ST/STM32CubeIDE_1.16.0/STM32CubeIDE/plugins/com.st.stm32cube.ide.mcu.externaltools.gnu-tools-for-stm32.13.3.rel1.win32_1.0.0.202411081344/tools/bin/../lib/gcc/arm-none-eabi/13.3.1/thumb/v7e-m+fp/hard/crtbegin.o
LOAD C:/ST/STM32CubeIDE_1.16.0/STM32CubeIDE/plugins/com.st.stm32cube.ide.mcu.externaltools.gnu-tools-for-stm32.13.3.rel1.win32_1.0.0.202411081344/tools/bin/../lib/gcc/arm-none-eabi/13.3.1/../../../../arm-none-eabi/lib/thumb/v7e-m+fp/hard/crt0.o
LOAD ./Core/Src/hw_gpio.o
LOAD ./Core/Src/hw_spi.o
LOAD ./Core/Src/main.o
LOAD ./Core/Src/mw_transceiver_rf.o
LOAD ./Core/Src/stm32f4xx_it.o
LOAD ./Core/Src/syscalls.o
LOAD ./Core/Src/sysmem.o
LOAD ./Core/Src/system_stm32f4xx.o
LOAD ./Core/Startup/startup_stm32f446retx.o
LOAD ./Drivers/STM32F4xx_HAL_Driver/Src/stm32f4xx_ll_dma.o
LOAD ./Drivers/STM32F4xx_HAL_Driver/Src/stm32f4xx_ll_exti.o
LOAD ./Drivers/STM32F4xx_HAL_Driver/Src/stm32f4xx_ll_gpio.o
LOAD ./Drivers/STM32F4xx_HAL_Driver/Src/stm32f4xx_ll_rcc.o
LOAD ./Drivers/STM32F4xx_HAL_Driver/Src/stm32f4xx_ll_spi.o
LOAD ./Drivers/STM32F4xx_HAL_Driver/Src/stm32f4xx_ll_usart.o
LOAD ./Drivers/STM32F4xx_HAL_Driver/Src/stm32f4xx_ll_utils.o
START GROUP
LOAD C:/ST/STM32CubeIDE_1.16.0/STM32CubeIDE/plugins/com.st.stm32cube.ide.mcu.externaltools.gnu-tools-for-stm32.13.3.rel1.win32_1.0.0.202411081344/tools/bin/../lib/gcc/arm-none-eabi/13.3.1/../../../../arm-none-eabi/lib/thumb/v7e-m+fp/hard\libstdc++_nano.a
LOAD C:/ST/STM32CubeIDE_1.16.0/STM32CubeIDE/plugins/com.st.stm32cube.ide.mcu.externaltools.gnu-tools-for-stm32.13.3.rel1.win32_1.0.0.202411081344/tools/bin/../lib/gcc/arm-none-eabi/13.3.1/../../../../arm-none-eabi/lib/thumb/v7e-m+fp/hard\libsupc++_nano.a
END GROUP
LOAD C:/ST/STM32CubeIDE_1.16.0/STM32CubeIDE/plugins/com.st.stm32cube.ide.mcu.externaltools.gnu-tools-for-stm32.13.3.rel1.win32_1.0.0.202411081344/tools/bin/../lib/gcc/arm-none-eabi/13.3.1/../../../../arm-none-eabi/lib/thumb/v7e-m+fp/hard\libstdc++_nano.a
LOAD C:/ST/STM32CubeIDE_1.16.0/STM32CubeIDE/plugins/com.st.stm32cube.ide.mcu.externaltools.gnu-tools-for-stm32.13.3.rel1.win32_1.0.0.202411081344/tools/bin/../lib/gcc/arm-none-eabi/13.3.1/../../../../arm-none-eabi/lib/thumb/v7e-m+fp/hard\libm.a
LOAD C:/ST/STM32CubeIDE_1.16.0/STM32CubeIDE/plugins/com.st.stm32cube.ide.mcu.externaltools.gnu-tools-for-stm32.13.3.rel1.win32_1.0.0.202411081344/tools/bin/../lib/gcc/arm-none-eabi/13.3.1/../../../../arm-none-eabi/lib/thumb/v7e-m+fp/hard\libc_nano.a
START GROUP
LOAD C:/ST/STM32CubeIDE_1.16.0/STM32CubeIDE/plugins/com.st.stm32cube.ide.mcu.externaltools.gnu-tools-for-stm32.13.3.rel1.win32_1.0.0.202411081344/tools/bin/../lib/gcc/arm-none-eabi/13.3.1/thumb/v7e-m+fp/hard\libgcc.a
LOAD C:/ST/STM32CubeIDE_1.16.0/STM32CubeIDE/plugins/com.st.stm32cube.ide.mcu.externaltools.gnu-tools-for-stm32.13.3.rel1.win32_1.0.0.202411081344/tools/bin/../lib/gcc/arm-none-eabi/13.3.1/../../../../arm-none-eabi/lib/thumb/v7e-m+fp/hard\libc_nano.a
END GROUP
START GROUP
LOAD C:/ST/STM32CubeIDE_1.16.0/STM32CubeIDE/plugins/com.st.stm32cube.ide.mcu.externaltools.gnu-tools-for-stm32.13.3.rel1.win32_1.0.0.202411081344/tools/bin/../lib/gcc/arm-none-eabi/13.3.1/thumb/v7e-m+fp/hard\libgcc.a
LOAD C:/ST/STM32CubeIDE_1.16.0/STM32CubeIDE/plugins/com.st.stm32cube.ide.mcu.externaltools.gnu-tools-for-stm32.13.3.rel1.win32_1.0.0.202411081344/tools/bin/../lib/gcc/arm-none-eabi/13.3.1/../../../../arm-none-eabi/lib/thumb/v7e-m+fp/hard\libc_nano.a
LOAD C:/ST/STM32CubeIDE_1.16.0/STM32CubeIDE/plugins/com.st.stm32cube.ide.mcu.externaltools.gnu-tools-for-stm32.13.3.rel1.win32_1.0.0.202411081344/tools/bin/../lib/gcc/arm-none-eabi/13.3.1/../../../../arm-none-eabi/lib/thumb/v7e-m+fp/hard\libnosys.a
END GROUP
START GROUP
LOAD C:/ST/STM32CubeIDE_1.16.0/STM32CubeIDE/plugins/com.st.stm32cube.ide.mcu.externaltools.gnu-tools-for-stm32.13.3.rel1.win32_1.0.0.202411081344/tools/bin/../lib/gcc/arm-none-eabi/13.3.1/thumb/v7e-m+fp/hard\libgcc.a
LOAD C:/ST/STM32CubeIDE_1.16.0/STM32CubeIDE/plugins/com.st.stm32cube.ide.mcu.externaltools.gnu-tools-for-stm32.13.3.rel1.win32_1.0.0.202411081344/tools/bin/../lib/gcc/arm-none-eabi/13.3.1/../../../../arm-none-eabi/lib/thumb/v7e-m+fp/hard\libc_nano.a
LOAD C:/ST/STM32CubeIDE_1.16.0/STM32CubeIDE/plugins/com.st.stm32cube.ide.mcu.externaltools.gnu-tools-for-stm32.13.3.rel1.win32_1.0.0.202411081344/tools/bin/../lib/gcc/arm-none-eabi/13.3.1/../../../../arm-none-eabi/lib/thumb/v7e-m+fp/hard\libnosys.a
END GROUP
LOAD C:/ST/STM32CubeIDE_1.16.0/STM32CubeIDE/plugins/com.st.stm32cube.ide.mcu.externaltools.gnu-tools-for-stm32.13.3.rel1.win32_1.0.0.202411081344/tools/bin/../lib/gcc/arm-none-eabi/13.3.1/thumb/v7e-m+fp/hard/crtend.o
LOAD C:/ST/STM32CubeIDE_1.16.0/STM32CubeIDE/plugins/com.st.stm32cube.ide.mcu.externaltools.gnu-tools-for-stm32.13.3.rel1.win32_1.0.0.202411081344/tools/bin/../lib/gcc/arm-none-eabi/13.3.1/thumb/v7e-m+fp/hard/crtn.o
                0x20020000                        _estack = (ORIGIN (RAM) + LENGTH (RAM))
                0x00000200                        _Min_Heap_Size = 0x200
                0x00000400                        _Min_Stack_Size = 0x400

.isr_vector     0x08000000      0x1c4
                0x08000000                        . = ALIGN (0x4)
 *(.isr_vector)
 .isr_vector    0x08000000      0x1c4 ./Core/Startup/startup_stm32f446retx.o
                0x08000000                g_pfnVectors
                0x080001c4                        . = ALIGN (0x4)

.text           0x080001c4     0x26dc
                0x080001c4                        . = ALIGN (0x4)
 *(.text)
 .text          0x080001c4       0x40 C:/ST/STM32CubeIDE_1.16.0/STM32CubeIDE/plugins/com.st.stm32cube.ide.mcu.externaltools.gnu-tools-for-stm32.13.3.rel1.win32_1.0.0.202411081344/tools/bin/../lib/gcc/arm-none-eabi/13.3.1/thumb/v7e-m+fp/hard/crtbegin.o
 .text          0x08000204       0x30 C:/ST/STM32CubeIDE_1.16.0/STM32CubeIDE/plugins/com.st.stm32cube.ide.mcu.externaltools.gnu-tools-for-stm32.13.3.rel1.win32_1.0.0.202411081344/tools/bin/../lib/gcc/arm-none-eabi/13.3.1/thumb/v7e-m+fp/hard\libgcc.a(_aeabi_uldivmod.o)
                0x08000204                __aeabi_uldivmod
 .text          0x08000234      0x2f8 C:/ST/STM32CubeIDE_1.16.0/STM32CubeIDE/plugins/com.st.stm32cube.ide.mcu.externaltools.gnu-tools-for-stm32.13.3.rel1.win32_1.0.0.202411081344/tools/bin/../lib/gcc/arm-none-eabi/13.3.1/thumb/v7e-m+fp/hard\libgcc.a(_udivmoddi4.o)
                0x08000234                __udivmoddi4
 .text          0x0800052c        0x4 C:/ST/STM32CubeIDE_1.16.0/STM32CubeIDE/plugins/com.st.stm32cube.ide.mcu.externaltools.gnu-tools-for-stm32.13.3.rel1.win32_1.0.0.202411081344/tools/bin/../lib/gcc/arm-none-eabi/13.3.1/thumb/v7e-m+fp/hard\libgcc.a(_dvmd_tls.o)
                0x0800052c                __aeabi_idiv0
                0x0800052c                __aeabi_ldiv0
 *(.text*)
 .text.LL_GPIO_SetOutputPin
                0x08000530       0x1c ./Core/Src/hw_gpio.o
 .text.LL_GPIO_ResetOutputPin
                0x0800054c       0x1e ./Core/Src/hw_gpio.o
 .text.LL_GPIO_TogglePin
                0x0800056a       0x32 ./Core/Src/hw_gpio.o
 .text._ZN4GpioC2EP12GPIO_TypeDeft
                0x0800059c       0x28 ./Core/Src/hw_gpio.o
                0x0800059c                Gpio::Gpio(GPIO_TypeDef*, unsigned short)
                0x0800059c                Gpio::Gpio(GPIO_TypeDef*, unsigned short)
 .text._ZN4Gpio3setEv
                0x080005c4       0x20 ./Core/Src/hw_gpio.o
                0x080005c4                Gpio::set()
 .text._ZN4Gpio5resetEv
                0x080005e4       0x20 ./Core/Src/hw_gpio.o
                0x080005e4                Gpio::reset()
 .text._ZN4Gpio6toggleEv
                0x08000604       0x20 ./Core/Src/hw_gpio.o
                0x08000604                Gpio::toggle()
 .text.LL_SPI_Enable
                0x08000624       0x20 ./Core/Src/hw_spi.o
 .text.LL_SPI_IsEnabled
                0x08000644       0x26 ./Core/Src/hw_spi.o
 .text.LL_SPI_IsActiveFlag_RXNE
                0x0800066a       0x26 ./Core/Src/hw_spi.o
 .text.LL_SPI_IsActiveFlag_TXE
                0x08000690       0x26 ./Core/Src/hw_spi.o
 .text.LL_SPI_ReceiveData8
                0x080006b6       0x1c ./Core/Src/hw_spi.o
 .text.LL_SPI_TransmitData8
                0x080006d2       0x24 ./Core/Src/hw_spi.o
 .text._ZN3SpiC2EP11SPI_TypeDef4Gpio
                0x080006f6       0x32 ./Core/Src/hw_spi.o
                0x080006f6                Spi::Spi(SPI_TypeDef*, Gpio)
                0x080006f6                Spi::Spi(SPI_TypeDef*, Gpio)
 .text._ZN3Spi8deselectEv
                0x08000728       0x20 ./Core/Src/hw_spi.o
                0x08000728                Spi::deselect()
 .text._ZN3Spi6selectEv
                0x08000748       0x20 ./Core/Src/hw_spi.o
                0x08000748                Spi::select()
 .text._ZN3Spi5writeEPhh
                0x08000768       0x3c ./Core/Src/hw_spi.o
                0x08000768                Spi::write(unsigned char*, unsigned char)
 .text._ZN3Spi9writeReadEhPhh
                0x080007a4       0x46 ./Core/Src/hw_spi.o
                0x080007a4                Spi::writeRead(unsigned char, unsigned char*, unsigned char)
 .text._ZN3Spi18TransmitAndReceiveEh
                0x080007ea       0x66 ./Core/Src/hw_spi.o
                0x080007ea                Spi::TransmitAndReceive(unsigned char)
 .text._ZN3Spi6enableEv
                0x08000850       0x38 ./Core/Src/hw_spi.o
                0x08000850                Spi::enable()
 .text.__NVIC_SetPriorityGrouping
                0x08000888       0x48 ./Core/Src/main.o
 .text.LL_RCC_HSI_Enable
                0x080008d0       0x20 ./Core/Src/main.o
 .text.LL_RCC_HSI_IsReady
                0x080008f0       0x24 ./Core/Src/main.o
 .text.LL_RCC_HSI_SetCalibTrimming
                0x08000914       0x2c ./Core/Src/main.o
 .text.LL_RCC_SetSysClkSource
                0x08000940       0x28 ./Core/Src/main.o
 .text.LL_RCC_GetSysClkSource
                0x08000968       0x1c ./Core/Src/main.o
 .text.LL_RCC_SetAHBPrescaler
                0x08000984       0x28 ./Core/Src/main.o
 .text.LL_RCC_SetAPB1Prescaler
                0x080009ac       0x28 ./Core/Src/main.o
 .text.LL_RCC_SetAPB2Prescaler
                0x080009d4       0x28 ./Core/Src/main.o
 .text.LL_RCC_SetTIMPrescaler
                0x080009fc       0x2c ./Core/Src/main.o
 .text.LL_RCC_PLL_Enable
                0x08000a28       0x20 ./Core/Src/main.o
 .text.LL_RCC_PLL_IsReady
                0x08000a48       0x28 ./Core/Src/main.o
 .text.LL_RCC_PLL_ConfigDomain_SYS
                0x08000a70       0x5c ./Core/Src/main.o
 .text.LL_AHB1_GRP1_EnableClock
                0x08000acc       0x30 ./Core/Src/main.o
 .text.LL_APB1_GRP1_EnableClock
                0x08000afc       0x30 ./Core/Src/main.o
 .text.LL_APB2_GRP1_EnableClock
                0x08000b2c       0x30 ./Core/Src/main.o
 .text.LL_SYSCFG_SetEXTISource
                0x08000b5c       0x68 ./Core/Src/main.o
 .text.LL_FLASH_SetLatency
                0x08000bc4       0x28 ./Core/Src/main.o
 .text.LL_FLASH_GetLatency
                0x08000bec       0x1c ./Core/Src/main.o
 .text.LL_PWR_DisableOverDriveMode
                0x08000c08       0x20 ./Core/Src/main.o
 .text.LL_PWR_SetRegulVoltageScaling
                0x08000c28       0x28 ./Core/Src/main.o
 .text.LL_PWR_IsActiveFlag_VOS
                0x08000c50       0x28 ./Core/Src/main.o
 .text.LL_SPI_SetStandard
                0x08000c78       0x26 ./Core/Src/main.o
 .text.LL_USART_Enable
                0x08000c9e       0x20 ./Core/Src/main.o
 .text.LL_USART_ConfigAsyncMode
                0x08000cbe       0x2c ./Core/Src/main.o
 .text.LL_GPIO_SetPinMode
                0x08000cea       0x7a ./Core/Src/main.o
 .text.LL_GPIO_SetPinPull
                0x08000d64       0x7a ./Core/Src/main.o
 .text.LL_GPIO_ResetOutputPin
                0x08000dde       0x1e ./Core/Src/main.o
 .text.main     0x08000dfc       0xb4 ./Core/Src/main.o
                0x08000dfc                main
 .text._Z18SystemClock_Configv
                0x08000eb0       0xd8 ./Core/Src/main.o
                0x08000eb0                SystemClock_Config()
 .text._ZL12MX_SPI3_Initv
                0x08000f88       0xc8 ./Core/Src/main.o
 .text._ZL19MX_USART2_UART_Initv
                0x08001050       0xa0 ./Core/Src/main.o
 .text._ZL12MX_GPIO_Initv
                0x080010f0      0x11c ./Core/Src/main.o
 .text._ZN13TransceiverRFC2ER3SpiR4Gpio
                0x0800120c       0x38 ./Core/Src/mw_transceiver_rf.o
                0x0800120c                TransceiverRF::TransceiverRF(Spi&, Gpio&)
                0x0800120c                TransceiverRF::TransceiverRF(Spi&, Gpio&)
 .text._ZN13TransceiverRF13read_registerEh
                0x08001244       0x68 ./Core/Src/mw_transceiver_rf.o
                0x08001244                TransceiverRF::read_register(unsigned char)
 .text._ZN13TransceiverRF14write_registerEhh
                0x080012ac       0x74 ./Core/Src/mw_transceiver_rf.o
                0x080012ac                TransceiverRF::write_register(unsigned char, unsigned char)
 .text._ZN13TransceiverRF13flush_rx_fifoEv
                0x08001320       0x38 ./Core/Src/mw_transceiver_rf.o
                0x08001320                TransceiverRF::flush_rx_fifo()
 .text._ZN13TransceiverRF13flush_tx_fifoEv
                0x08001358       0x38 ./Core/Src/mw_transceiver_rf.o
                0x08001358                TransceiverRF::flush_tx_fifo()
 .text._ZN13TransceiverRF8power_upEv
                0x08001390       0x30 ./Core/Src/mw_transceiver_rf.o
                0x08001390                TransceiverRF::power_up()
 .text._ZN13TransceiverRF5resetEv
                0x080013c0       0xe4 ./Core/Src/mw_transceiver_rf.o
                0x080013c0                TransceiverRF::reset()
 .text._ZN13TransceiverRF14set_rf_channelEt
                0x080014a4       0x2a ./Core/Src/mw_transceiver_rf.o
                0x080014a4                TransceiverRF::set_rf_channel(unsigned short)
 .text._ZN13TransceiverRF20set_rf_air_data_rateE13air_data_rate
                0x080014ce       0x5e ./Core/Src/mw_transceiver_rf.o
                0x080014ce                TransceiverRF::set_rf_air_data_rate(air_data_rate)
 .text._ZN13TransceiverRF22set_rf_tx_output_powerE12output_power
                0x0800152c       0x42 ./Core/Src/mw_transceiver_rf.o
                0x0800152c                TransceiverRF::set_rf_tx_output_power(output_power)
 .text._ZN13TransceiverRF14set_crc_lengthEh
                0x0800156e       0x4c ./Core/Src/mw_transceiver_rf.o
                0x0800156e                TransceiverRF::set_crc_length(unsigned char)
 .text._ZN13TransceiverRF18set_address_widthsEh
                0x080015ba       0x24 ./Core/Src/mw_transceiver_rf.o
                0x080015ba                TransceiverRF::set_address_widths(unsigned char)
 .text._ZN13TransceiverRF21auto_retransmit_countEh
                0x080015de       0x3c ./Core/Src/mw_transceiver_rf.o
                0x080015de                TransceiverRF::auto_retransmit_count(unsigned char)
 *fill*         0x0800161a        0x2 
 .text._ZN13TransceiverRF21auto_retransmit_delayEt
                0x0800161c       0x58 ./Core/Src/mw_transceiver_rf.o
                0x0800161c                TransceiverRF::auto_retransmit_delay(unsigned short)
 .text._ZN13TransceiverRF8ptx_modeEv
                0x08001674       0x30 ./Core/Src/mw_transceiver_rf.o
                0x08001674                TransceiverRF::ptx_mode()
 .text._ZN13TransceiverRF7tx_initEt13air_data_rate
                0x080016a4       0x70 ./Core/Src/mw_transceiver_rf.o
                0x080016a4                TransceiverRF::tx_init(unsigned short, air_data_rate)
 .text.NMI_Handler
                0x08001714        0x8 ./Core/Src/stm32f4xx_it.o
                0x08001714                NMI_Handler
 .text.HardFault_Handler
                0x0800171c        0x8 ./Core/Src/stm32f4xx_it.o
                0x0800171c                HardFault_Handler
 .text.MemManage_Handler
                0x08001724        0x8 ./Core/Src/stm32f4xx_it.o
                0x08001724                MemManage_Handler
 .text.BusFault_Handler
                0x0800172c        0x8 ./Core/Src/stm32f4xx_it.o
                0x0800172c                BusFault_Handler
 .text.UsageFault_Handler
                0x08001734        0x8 ./Core/Src/stm32f4xx_it.o
                0x08001734                UsageFault_Handler
 .text.SVC_Handler
                0x0800173c        0xe ./Core/Src/stm32f4xx_it.o
                0x0800173c                SVC_Handler
 .text.DebugMon_Handler
                0x0800174a        0xe ./Core/Src/stm32f4xx_it.o
                0x0800174a                DebugMon_Handler
 .text.PendSV_Handler
                0x08001758        0xe ./Core/Src/stm32f4xx_it.o
                0x08001758                PendSV_Handler
 *fill*         0x08001766        0x2 
 .text.SysTick_Handler
                0x08001768       0x20 ./Core/Src/stm32f4xx_it.o
                0x08001768                SysTick_Handler
 .text.SystemInit
                0x08001788       0x24 ./Core/Src/system_stm32f4xx.o
                0x08001788                SystemInit
 .text.Reset_Handler
                0x080017ac       0x50 ./Core/Startup/startup_stm32f446retx.o
                0x080017ac                Reset_Handler
 .text.Default_Handler
                0x080017fc        0x2 ./Core/Startup/startup_stm32f446retx.o
                0x080017fc                RTC_Alarm_IRQHandler
                0x080017fc                EXTI2_IRQHandler
                0x080017fc                TIM8_CC_IRQHandler
                0x080017fc                FMPI2C1_EV_IRQHandler
                0x080017fc                SPI4_IRQHandler
                0x080017fc                TIM1_CC_IRQHandler
                0x080017fc                DMA2_Stream5_IRQHandler
                0x080017fc                DMA1_Stream5_IRQHandler
                0x080017fc                PVD_IRQHandler
                0x080017fc                SDIO_IRQHandler
                0x080017fc                TAMP_STAMP_IRQHandler
                0x080017fc                CAN2_RX1_IRQHandler
                0x080017fc                EXTI3_IRQHandler
                0x080017fc                TIM8_TRG_COM_TIM14_IRQHandler
                0x080017fc                TIM1_UP_TIM10_IRQHandler
                0x080017fc                TIM8_UP_TIM13_IRQHandler
                0x080017fc                I2C3_ER_IRQHandler
                0x080017fc                EXTI0_IRQHandler
                0x080017fc                I2C2_EV_IRQHandler
                0x080017fc                DMA1_Stream2_IRQHandler
                0x080017fc                CAN1_RX0_IRQHandler
                0x080017fc                FPU_IRQHandler
                0x080017fc                OTG_HS_WKUP_IRQHandler
                0x080017fc                CAN2_SCE_IRQHandler
                0x080017fc                DMA2_Stream2_IRQHandler
                0x080017fc                SPI1_IRQHandler
                0x080017fc                TIM6_DAC_IRQHandler
                0x080017fc                TIM1_BRK_TIM9_IRQHandler
                0x080017fc                DCMI_IRQHandler
                0x080017fc                CAN2_RX0_IRQHandler
                0x080017fc                DMA2_Stream3_IRQHandler
                0x080017fc                SAI2_IRQHandler
                0x080017fc                USART6_IRQHandler
                0x080017fc                USART3_IRQHandler
                0x080017fc                CAN1_RX1_IRQHandler
                0x080017fc                UART5_IRQHandler
                0x080017fc                DMA2_Stream0_IRQHandler
                0x080017fc                TIM4_IRQHandler
                0x080017fc                QUADSPI_IRQHandler
                0x080017fc                I2C1_EV_IRQHandler
                0x080017fc                DMA1_Stream6_IRQHandler
                0x080017fc                DMA1_Stream1_IRQHandler
                0x080017fc                UART4_IRQHandler
                0x080017fc                TIM3_IRQHandler
                0x080017fc                RCC_IRQHandler
                0x080017fc                TIM8_BRK_TIM12_IRQHandler
                0x080017fc                Default_Handler
                0x080017fc                CEC_IRQHandler
                0x080017fc                EXTI15_10_IRQHandler
                0x080017fc                ADC_IRQHandler
                0x080017fc                DMA1_Stream7_IRQHandler
                0x080017fc                TIM7_IRQHandler
                0x080017fc                CAN2_TX_IRQHandler
                0x080017fc                TIM5_IRQHandler
                0x080017fc                DMA2_Stream7_IRQHandler
                0x080017fc                I2C3_EV_IRQHandler
                0x080017fc                EXTI9_5_IRQHandler
                0x080017fc                RTC_WKUP_IRQHandler
                0x080017fc                SPDIF_RX_IRQHandler
                0x080017fc                SPI2_IRQHandler
                0x080017fc                OTG_HS_EP1_IN_IRQHandler
                0x080017fc                DMA1_Stream0_IRQHandler
                0x080017fc                CAN1_TX_IRQHandler
                0x080017fc                FMPI2C1_ER_IRQHandler
                0x080017fc                EXTI4_IRQHandler
                0x080017fc                OTG_HS_EP1_OUT_IRQHandler
                0x080017fc                WWDG_IRQHandler
                0x080017fc                TIM2_IRQHandler
                0x080017fc                OTG_FS_WKUP_IRQHandler
                0x080017fc                TIM1_TRG_COM_TIM11_IRQHandler
                0x080017fc                OTG_HS_IRQHandler
                0x080017fc                EXTI1_IRQHandler
                0x080017fc                USART2_IRQHandler
                0x080017fc                I2C2_ER_IRQHandler
                0x080017fc                DMA2_Stream1_IRQHandler
                0x080017fc                CAN1_SCE_IRQHandler
                0x080017fc                FLASH_IRQHandler
                0x080017fc                DMA2_Stream4_IRQHandler
                0x080017fc                USART1_IRQHandler
                0x080017fc                OTG_FS_IRQHandler
                0x080017fc                SPI3_IRQHandler
                0x080017fc                DMA1_Stream4_IRQHandler
                0x080017fc                I2C1_ER_IRQHandler
                0x080017fc                FMC_IRQHandler
                0x080017fc                DMA2_Stream6_IRQHandler
                0x080017fc                SAI1_IRQHandler
                0x080017fc                DMA1_Stream3_IRQHandler
 *fill*         0x080017fe        0x2 
 .text.LL_EXTI_EnableIT_0_31
                0x08001800       0x24 ./Drivers/STM32F4xx_HAL_Driver/Src/stm32f4xx_ll_exti.o
 .text.LL_EXTI_DisableIT_0_31
                0x08001824       0x28 ./Drivers/STM32F4xx_HAL_Driver/Src/stm32f4xx_ll_exti.o
 .text.LL_EXTI_EnableEvent_0_31
                0x0800184c       0x24 ./Drivers/STM32F4xx_HAL_Driver/Src/stm32f4xx_ll_exti.o
 .text.LL_EXTI_DisableEvent_0_31
                0x08001870       0x28 ./Drivers/STM32F4xx_HAL_Driver/Src/stm32f4xx_ll_exti.o
 .text.LL_EXTI_EnableRisingTrig_0_31
                0x08001898       0x24 ./Drivers/STM32F4xx_HAL_Driver/Src/stm32f4xx_ll_exti.o
 .text.LL_EXTI_DisableRisingTrig_0_31
                0x080018bc       0x28 ./Drivers/STM32F4xx_HAL_Driver/Src/stm32f4xx_ll_exti.o
 .text.LL_EXTI_EnableFallingTrig_0_31
                0x080018e4       0x24 ./Drivers/STM32F4xx_HAL_Driver/Src/stm32f4xx_ll_exti.o
 .text.LL_EXTI_DisableFallingTrig_0_31
                0x08001908       0x28 ./Drivers/STM32F4xx_HAL_Driver/Src/stm32f4xx_ll_exti.o
 .text.LL_EXTI_Init
                0x08001930       0xfe ./Drivers/STM32F4xx_HAL_Driver/Src/stm32f4xx_ll_exti.o
                0x08001930                LL_EXTI_Init
 .text.LL_GPIO_SetPinMode
                0x08001a2e       0x7a ./Drivers/STM32F4xx_HAL_Driver/Src/stm32f4xx_ll_gpio.o
 .text.LL_GPIO_SetPinOutputType
                0x08001aa8       0x30 ./Drivers/STM32F4xx_HAL_Driver/Src/stm32f4xx_ll_gpio.o
 .text.LL_GPIO_SetPinSpeed
                0x08001ad8       0x7a ./Drivers/STM32F4xx_HAL_Driver/Src/stm32f4xx_ll_gpio.o
 .text.LL_GPIO_SetPinPull
                0x08001b52       0x7a ./Drivers/STM32F4xx_HAL_Driver/Src/stm32f4xx_ll_gpio.o
 .text.LL_GPIO_SetAFPin_0_7
                0x08001bcc       0x7a ./Drivers/STM32F4xx_HAL_Driver/Src/stm32f4xx_ll_gpio.o
 .text.LL_GPIO_SetAFPin_8_15
                0x08001c46       0x7e ./Drivers/STM32F4xx_HAL_Driver/Src/stm32f4xx_ll_gpio.o
 .text.LL_GPIO_Init
                0x08001cc4      0x102 ./Drivers/STM32F4xx_HAL_Driver/Src/stm32f4xx_ll_gpio.o
                0x08001cc4                LL_GPIO_Init
 *fill*         0x08001dc6        0x2 
 .text.LL_RCC_GetSysClkSource
                0x08001dc8       0x1c ./Drivers/STM32F4xx_HAL_Driver/Src/stm32f4xx_ll_rcc.o
 .text.LL_RCC_GetAHBPrescaler
                0x08001de4       0x1c ./Drivers/STM32F4xx_HAL_Driver/Src/stm32f4xx_ll_rcc.o
 .text.LL_RCC_GetAPB1Prescaler
                0x08001e00       0x1c ./Drivers/STM32F4xx_HAL_Driver/Src/stm32f4xx_ll_rcc.o
 .text.LL_RCC_GetAPB2Prescaler
                0x08001e1c       0x1c ./Drivers/STM32F4xx_HAL_Driver/Src/stm32f4xx_ll_rcc.o
 .text.LL_RCC_PLL_GetMainSource
                0x08001e38       0x1c ./Drivers/STM32F4xx_HAL_Driver/Src/stm32f4xx_ll_rcc.o
 .text.LL_RCC_PLL_GetN
                0x08001e54       0x1c ./Drivers/STM32F4xx_HAL_Driver/Src/stm32f4xx_ll_rcc.o
 .text.LL_RCC_PLL_GetP
                0x08001e70       0x1c ./Drivers/STM32F4xx_HAL_Driver/Src/stm32f4xx_ll_rcc.o
 .text.LL_RCC_PLL_GetR
                0x08001e8c       0x1c ./Drivers/STM32F4xx_HAL_Driver/Src/stm32f4xx_ll_rcc.o
 .text.LL_RCC_PLL_GetDivider
                0x08001ea8       0x1c ./Drivers/STM32F4xx_HAL_Driver/Src/stm32f4xx_ll_rcc.o
 .text.LL_RCC_GetSystemClocksFreq
                0x08001ec4       0x4a ./Drivers/STM32F4xx_HAL_Driver/Src/stm32f4xx_ll_rcc.o
                0x08001ec4                LL_RCC_GetSystemClocksFreq
 *fill*         0x08001f0e        0x2 
 .text.RCC_GetSystemClockFreq
                0x08001f10       0x88 ./Drivers/STM32F4xx_HAL_Driver/Src/stm32f4xx_ll_rcc.o
                0x08001f10                RCC_GetSystemClockFreq
 .text.RCC_GetHCLKClockFreq
                0x08001f98       0x2c ./Drivers/STM32F4xx_HAL_Driver/Src/stm32f4xx_ll_rcc.o
                0x08001f98                RCC_GetHCLKClockFreq
 .text.RCC_GetPCLK1ClockFreq
                0x08001fc4       0x28 ./Drivers/STM32F4xx_HAL_Driver/Src/stm32f4xx_ll_rcc.o
                0x08001fc4                RCC_GetPCLK1ClockFreq
 .text.RCC_GetPCLK2ClockFreq
                0x08001fec       0x28 ./Drivers/STM32F4xx_HAL_Driver/Src/stm32f4xx_ll_rcc.o
                0x08001fec                RCC_GetPCLK2ClockFreq
 .text.RCC_PLL_GetFreqDomain_SYS
                0x08002014       0xa4 ./Drivers/STM32F4xx_HAL_Driver/Src/stm32f4xx_ll_rcc.o
                0x08002014                RCC_PLL_GetFreqDomain_SYS
 .text.LL_SPI_IsEnabled
                0x080020b8       0x26 ./Drivers/STM32F4xx_HAL_Driver/Src/stm32f4xx_ll_spi.o
 .text.LL_SPI_SetCRCPolynomial
                0x080020de       0x20 ./Drivers/STM32F4xx_HAL_Driver/Src/stm32f4xx_ll_spi.o
 .text.LL_SPI_Init
                0x080020fe       0xa4 ./Drivers/STM32F4xx_HAL_Driver/Src/stm32f4xx_ll_spi.o
                0x080020fe                LL_SPI_Init
 .text.LL_USART_IsEnabled
                0x080021a2       0x28 ./Drivers/STM32F4xx_HAL_Driver/Src/stm32f4xx_ll_usart.o
 .text.LL_USART_SetStopBitsLength
                0x080021ca       0x26 ./Drivers/STM32F4xx_HAL_Driver/Src/stm32f4xx_ll_usart.o
 .text.LL_USART_SetHWFlowCtrl
                0x080021f0       0x26 ./Drivers/STM32F4xx_HAL_Driver/Src/stm32f4xx_ll_usart.o
 *fill*         0x08002216        0x2 
 .text.LL_USART_SetBaudRate
                0x08002218      0x45c ./Drivers/STM32F4xx_HAL_Driver/Src/stm32f4xx_ll_usart.o
 .text.LL_USART_Init
                0x08002674      0x100 ./Drivers/STM32F4xx_HAL_Driver/Src/stm32f4xx_ll_usart.o
                0x08002674                LL_USART_Init
 .text.LL_InitTick
                0x08002774       0x34 ./Drivers/STM32F4xx_HAL_Driver/Src/stm32f4xx_ll_utils.o
 .text.LL_Init1msTick
                0x080027a8       0x1a ./Drivers/STM32F4xx_HAL_Driver/Src/stm32f4xx_ll_utils.o
                0x080027a8                LL_Init1msTick
 *fill*         0x080027c2        0x2 
 .text.LL_mDelay
                0x080027c4       0x4c ./Drivers/STM32F4xx_HAL_Driver/Src/stm32f4xx_ll_utils.o
                0x080027c4                LL_mDelay
 .text.LL_SetSystemCoreClock
                0x08002810       0x20 ./Drivers/STM32F4xx_HAL_Driver/Src/stm32f4xx_ll_utils.o
                0x08002810                LL_SetSystemCoreClock
 .text.memset   0x08002830       0x10 C:/ST/STM32CubeIDE_1.16.0/STM32CubeIDE/plugins/com.st.stm32cube.ide.mcu.externaltools.gnu-tools-for-stm32.13.3.rel1.win32_1.0.0.202411081344/tools/bin/../lib/gcc/arm-none-eabi/13.3.1/../../../../arm-none-eabi/lib/thumb/v7e-m+fp/hard\libc_nano.a(libc_a-memset.o)
                0x08002830                memset
 .text.__libc_init_array
                0x08002840       0x48 C:/ST/STM32CubeIDE_1.16.0/STM32CubeIDE/plugins/com.st.stm32cube.ide.mcu.externaltools.gnu-tools-for-stm32.13.3.rel1.win32_1.0.0.202411081344/tools/bin/../lib/gcc/arm-none-eabi/13.3.1/../../../../arm-none-eabi/lib/thumb/v7e-m+fp/hard\libc_nano.a(libc_a-init.o)
                0x08002840                __libc_init_array
 *(.glue_7)
 .glue_7        0x08002888        0x0 linker stubs
 *(.glue_7t)
 .glue_7t       0x08002888        0x0 linker stubs
 *(.eh_frame)
 .eh_frame      0x08002888        0x0 C:/ST/STM32CubeIDE_1.16.0/STM32CubeIDE/plugins/com.st.stm32cube.ide.mcu.externaltools.gnu-tools-for-stm32.13.3.rel1.win32_1.0.0.202411081344/tools/bin/../lib/gcc/arm-none-eabi/13.3.1/thumb/v7e-m+fp/hard/crtbegin.o
 *(.init)
 .init          0x08002888        0x4 C:/ST/STM32CubeIDE_1.16.0/STM32CubeIDE/plugins/com.st.stm32cube.ide.mcu.externaltools.gnu-tools-for-stm32.13.3.rel1.win32_1.0.0.202411081344/tools/bin/../lib/gcc/arm-none-eabi/13.3.1/thumb/v7e-m+fp/hard/crti.o
                0x08002888                _init
 .init          0x0800288c        0x8 C:/ST/STM32CubeIDE_1.16.0/STM32CubeIDE/plugins/com.st.stm32cube.ide.mcu.externaltools.gnu-tools-for-stm32.13.3.rel1.win32_1.0.0.202411081344/tools/bin/../lib/gcc/arm-none-eabi/13.3.1/thumb/v7e-m+fp/hard/crtn.o
 *(.fini)
 .fini          0x08002894        0x4 C:/ST/STM32CubeIDE_1.16.0/STM32CubeIDE/plugins/com.st.stm32cube.ide.mcu.externaltools.gnu-tools-for-stm32.13.3.rel1.win32_1.0.0.202411081344/tools/bin/../lib/gcc/arm-none-eabi/13.3.1/thumb/v7e-m+fp/hard/crti.o
                0x08002894                _fini
 .fini          0x08002898        0x8 C:/ST/STM32CubeIDE_1.16.0/STM32CubeIDE/plugins/com.st.stm32cube.ide.mcu.externaltools.gnu-tools-for-stm32.13.3.rel1.win32_1.0.0.202411081344/tools/bin/../lib/gcc/arm-none-eabi/13.3.1/thumb/v7e-m+fp/hard/crtn.o
                0x080028a0                        . = ALIGN (0x4)
                0x080028a0                        _etext = .

.vfp11_veneer   0x080028a0        0x0
 .vfp11_veneer  0x080028a0        0x0 linker stubs

.v4_bx          0x080028a0        0x0
 .v4_bx         0x080028a0        0x0 linker stubs

.iplt           0x080028a0        0x0
 .iplt          0x080028a0        0x0 C:/ST/STM32CubeIDE_1.16.0/STM32CubeIDE/plugins/com.st.stm32cube.ide.mcu.externaltools.gnu-tools-for-stm32.13.3.rel1.win32_1.0.0.202411081344/tools/bin/../lib/gcc/arm-none-eabi/13.3.1/thumb/v7e-m+fp/hard/crtbegin.o

.rodata         0x080028a0       0x18
                0x080028a0                        . = ALIGN (0x4)
 *(.rodata)
 *(.rodata*)
 .rodata.AHBPrescTable
                0x080028a0       0x10 ./Core/Src/system_stm32f4xx.o
                0x080028a0                AHBPrescTable
 .rodata.APBPrescTable
                0x080028b0        0x8 ./Core/Src/system_stm32f4xx.o
                0x080028b0                APBPrescTable
                0x080028b8                        . = ALIGN (0x4)

.ARM.extab      0x080028b8        0x0
                0x080028b8                        . = ALIGN (0x4)
 *(.ARM.extab* .gnu.linkonce.armextab.*)
                0x080028b8                        . = ALIGN (0x4)

.ARM            0x080028b8        0x8
                0x080028b8                        . = ALIGN (0x4)
                0x080028b8                        __exidx_start = .
 *(.ARM.exidx*)
 .ARM.exidx     0x080028b8        0x8 C:/ST/STM32CubeIDE_1.16.0/STM32CubeIDE/plugins/com.st.stm32cube.ide.mcu.externaltools.gnu-tools-for-stm32.13.3.rel1.win32_1.0.0.202411081344/tools/bin/../lib/gcc/arm-none-eabi/13.3.1/thumb/v7e-m+fp/hard\libgcc.a(_udivmoddi4.o)
                0x080028c0                        __exidx_end = .
                0x080028c0                        . = ALIGN (0x4)

.preinit_array  0x080028c0        0x0
                0x080028c0                        . = ALIGN (0x4)
                0x080028c0                        PROVIDE (__preinit_array_start = .)
 *(.preinit_array*)
                0x080028c0                        PROVIDE (__preinit_array_end = .)
                0x080028c0                        . = ALIGN (0x4)

.init_array     0x080028c0        0x4
                0x080028c0                        . = ALIGN (0x4)
                0x080028c0                        PROVIDE (__init_array_start = .)
 *(SORT_BY_NAME(.init_array.*))
 *(.init_array*)
 .init_array    0x080028c0        0x4 C:/ST/STM32CubeIDE_1.16.0/STM32CubeIDE/plugins/com.st.stm32cube.ide.mcu.externaltools.gnu-tools-for-stm32.13.3.rel1.win32_1.0.0.202411081344/tools/bin/../lib/gcc/arm-none-eabi/13.3.1/thumb/v7e-m+fp/hard/crtbegin.o
                0x080028c4                        PROVIDE (__init_array_end = .)
                0x080028c4                        . = ALIGN (0x4)

.fini_array     0x080028c4        0x4
                0x080028c4                        . = ALIGN (0x4)
                [!provide]                        PROVIDE (__fini_array_start = .)
 *(SORT_BY_NAME(.fini_array.*))
 *(.fini_array*)
 .fini_array    0x080028c4        0x4 C:/ST/STM32CubeIDE_1.16.0/STM32CubeIDE/plugins/com.st.stm32cube.ide.mcu.externaltools.gnu-tools-for-stm32.13.3.rel1.win32_1.0.0.202411081344/tools/bin/../lib/gcc/arm-none-eabi/13.3.1/thumb/v7e-m+fp/hard/crtbegin.o
                [!provide]                        PROVIDE (__fini_array_end = .)
                0x080028c8                        . = ALIGN (0x4)
                0x080028c8                        _sidata = LOADADDR (.data)

.rel.dyn        0x080028c8        0x0
 .rel.iplt      0x080028c8        0x0 C:/ST/STM32CubeIDE_1.16.0/STM32CubeIDE/plugins/com.st.stm32cube.ide.mcu.externaltools.gnu-tools-for-stm32.13.3.rel1.win32_1.0.0.202411081344/tools/bin/../lib/gcc/arm-none-eabi/13.3.1/thumb/v7e-m+fp/hard/crtbegin.o

.data           0x20000000        0x4 load address 0x080028c8
                0x20000000                        . = ALIGN (0x4)
                0x20000000                        _sdata = .
 *(.data)
 *(.data*)
 .data.SystemCoreClock
                0x20000000        0x4 ./Core/Src/system_stm32f4xx.o
                0x20000000                SystemCoreClock
 *(.RamFunc)
 *(.RamFunc*)
                0x20000004                        . = ALIGN (0x4)
                0x20000004                        _edata = .

.igot.plt       0x20000004        0x0 load address 0x080028cc
 .igot.plt      0x20000004        0x0 C:/ST/STM32CubeIDE_1.16.0/STM32CubeIDE/plugins/com.st.stm32cube.ide.mcu.externaltools.gnu-tools-for-stm32.13.3.rel1.win32_1.0.0.202411081344/tools/bin/../lib/gcc/arm-none-eabi/13.3.1/thumb/v7e-m+fp/hard/crtbegin.o
                0x20000004                        . = ALIGN (0x4)

.bss            0x20000004       0x20 load address 0x080028cc
                0x20000004                        _sbss = .
                0x20000004                        __bss_start__ = _sbss
 *(.bss)
 .bss           0x20000004       0x1c C:/ST/STM32CubeIDE_1.16.0/STM32CubeIDE/plugins/com.st.stm32cube.ide.mcu.externaltools.gnu-tools-for-stm32.13.3.rel1.win32_1.0.0.202411081344/tools/bin/../lib/gcc/arm-none-eabi/13.3.1/thumb/v7e-m+fp/hard/crtbegin.o
 *(.bss*)
 .bss.timer     0x20000020        0x2 ./Core/Src/main.o
                0x20000020                timer
 *(COMMON)
                0x20000024                        . = ALIGN (0x4)
 *fill*         0x20000022        0x2 
                0x20000024                        _ebss = .
                0x20000024                        __bss_end__ = _ebss

._user_heap_stack
                0x20000024      0x604 load address 0x080028cc
                0x20000028                        . = ALIGN (0x8)
 *fill*         0x20000024        0x4 
                [!provide]                        PROVIDE (end = .)
                0x20000028                        PROVIDE (_end = .)
                0x20000228                        . = (. + _Min_Heap_Size)
 *fill*         0x20000028      0x200 
                0x20000628                        . = (. + _Min_Stack_Size)
 *fill*         0x20000228      0x400 
                0x20000628                        . = ALIGN (0x8)

/DISCARD/
 libc.a(*)
 libm.a(*)
 libgcc.a(*)

.ARM.attributes
                0x00000000       0x30
 *(.ARM.attributes)
 .ARM.attributes
                0x00000000       0x22 C:/ST/STM32CubeIDE_1.16.0/STM32CubeIDE/plugins/com.st.stm32cube.ide.mcu.externaltools.gnu-tools-for-stm32.13.3.rel1.win32_1.0.0.202411081344/tools/bin/../lib/gcc/arm-none-eabi/13.3.1/thumb/v7e-m+fp/hard/crti.o
 .ARM.attributes
                0x00000022       0x34 C:/ST/STM32CubeIDE_1.16.0/STM32CubeIDE/plugins/com.st.stm32cube.ide.mcu.externaltools.gnu-tools-for-stm32.13.3.rel1.win32_1.0.0.202411081344/tools/bin/../lib/gcc/arm-none-eabi/13.3.1/thumb/v7e-m+fp/hard/crtbegin.o
 .ARM.attributes
                0x00000056       0x34 ./Core/Src/hw_gpio.o
 .ARM.attributes
                0x0000008a       0x34 ./Core/Src/hw_spi.o
 .ARM.attributes
                0x000000be       0x34 ./Core/Src/main.o
 .ARM.attributes
                0x000000f2       0x34 ./Core/Src/mw_transceiver_rf.o
 .ARM.attributes
                0x00000126       0x34 ./Core/Src/stm32f4xx_it.o
 .ARM.attributes
                0x0000015a       0x34 ./Core/Src/system_stm32f4xx.o
 .ARM.attributes
                0x0000018e       0x21 ./Core/Startup/startup_stm32f446retx.o
 .ARM.attributes
                0x000001af       0x34 ./Drivers/STM32F4xx_HAL_Driver/Src/stm32f4xx_ll_exti.o
 .ARM.attributes
                0x000001e3       0x34 ./Drivers/STM32F4xx_HAL_Driver/Src/stm32f4xx_ll_gpio.o
 .ARM.attributes
                0x00000217       0x34 ./Drivers/STM32F4xx_HAL_Driver/Src/stm32f4xx_ll_rcc.o
 .ARM.attributes
                0x0000024b       0x34 ./Drivers/STM32F4xx_HAL_Driver/Src/stm32f4xx_ll_spi.o
 .ARM.attributes
                0x0000027f       0x34 ./Drivers/STM32F4xx_HAL_Driver/Src/stm32f4xx_ll_usart.o
 .ARM.attributes
                0x000002b3       0x34 ./Drivers/STM32F4xx_HAL_Driver/Src/stm32f4xx_ll_utils.o
 .ARM.attributes
                0x000002e7       0x34 C:/ST/STM32CubeIDE_1.16.0/STM32CubeIDE/plugins/com.st.stm32cube.ide.mcu.externaltools.gnu-tools-for-stm32.13.3.rel1.win32_1.0.0.202411081344/tools/bin/../lib/gcc/arm-none-eabi/13.3.1/../../../../arm-none-eabi/lib/thumb/v7e-m+fp/hard\libc_nano.a(libc_a-memset.o)
 .ARM.attributes
                0x0000031b       0x34 C:/ST/STM32CubeIDE_1.16.0/STM32CubeIDE/plugins/com.st.stm32cube.ide.mcu.externaltools.gnu-tools-for-stm32.13.3.rel1.win32_1.0.0.202411081344/tools/bin/../lib/gcc/arm-none-eabi/13.3.1/../../../../arm-none-eabi/lib/thumb/v7e-m+fp/hard\libc_nano.a(libc_a-init.o)
 .ARM.attributes
                0x0000034f       0x22 C:/ST/STM32CubeIDE_1.16.0/STM32CubeIDE/plugins/com.st.stm32cube.ide.mcu.externaltools.gnu-tools-for-stm32.13.3.rel1.win32_1.0.0.202411081344/tools/bin/../lib/gcc/arm-none-eabi/13.3.1/thumb/v7e-m+fp/hard\libgcc.a(_aeabi_uldivmod.o)
 .ARM.attributes
                0x00000371       0x34 C:/ST/STM32CubeIDE_1.16.0/STM32CubeIDE/plugins/com.st.stm32cube.ide.mcu.externaltools.gnu-tools-for-stm32.13.3.rel1.win32_1.0.0.202411081344/tools/bin/../lib/gcc/arm-none-eabi/13.3.1/thumb/v7e-m+fp/hard\libgcc.a(_udivmoddi4.o)
 .ARM.attributes
                0x000003a5       0x22 C:/ST/STM32CubeIDE_1.16.0/STM32CubeIDE/plugins/com.st.stm32cube.ide.mcu.externaltools.gnu-tools-for-stm32.13.3.rel1.win32_1.0.0.202411081344/tools/bin/../lib/gcc/arm-none-eabi/13.3.1/thumb/v7e-m+fp/hard\libgcc.a(_dvmd_tls.o)
 .ARM.attributes
                0x000003c7       0x22 C:/ST/STM32CubeIDE_1.16.0/STM32CubeIDE/plugins/com.st.stm32cube.ide.mcu.externaltools.gnu-tools-for-stm32.13.3.rel1.win32_1.0.0.202411081344/tools/bin/../lib/gcc/arm-none-eabi/13.3.1/thumb/v7e-m+fp/hard/crtn.o
OUTPUT(rc_car_controller.elf elf32-littlearm)
LOAD linker stubs
LOAD C:/ST/STM32CubeIDE_1.16.0/STM32CubeIDE/plugins/com.st.stm32cube.ide.mcu.externaltools.gnu-tools-for-stm32.13.3.rel1.win32_1.0.0.202411081344/tools/bin/../lib/gcc/arm-none-eabi/13.3.1/../../../../arm-none-eabi/lib/thumb/v7e-m+fp/hard\libc.a
LOAD C:/ST/STM32CubeIDE_1.16.0/STM32CubeIDE/plugins/com.st.stm32cube.ide.mcu.externaltools.gnu-tools-for-stm32.13.3.rel1.win32_1.0.0.202411081344/tools/bin/../lib/gcc/arm-none-eabi/13.3.1/../../../../arm-none-eabi/lib/thumb/v7e-m+fp/hard\libm.a
LOAD C:/ST/STM32CubeIDE_1.16.0/STM32CubeIDE/plugins/com.st.stm32cube.ide.mcu.externaltools.gnu-tools-for-stm32.13.3.rel1.win32_1.0.0.202411081344/tools/bin/../lib/gcc/arm-none-eabi/13.3.1/thumb/v7e-m+fp/hard\libgcc.a

.debug_info     0x00000000     0x6f6a
 .debug_info    0x00000000      0x3d9 ./Core/Src/hw_gpio.o
 .debug_info    0x000003d9      0x6bb ./Core/Src/hw_spi.o
 .debug_info    0x00000a94     0x1bed ./Core/Src/main.o
 .debug_info    0x00002681     0x11f8 ./Core/Src/mw_transceiver_rf.o
 .debug_info    0x00003879      0x16e ./Core/Src/stm32f4xx_it.o
 .debug_info    0x000039e7      0x543 ./Core/Src/system_stm32f4xx.o
 .debug_info    0x00003f2a       0x30 ./Core/Startup/startup_stm32f446retx.o
 .debug_info    0x00003f5a      0x330 ./Drivers/STM32F4xx_HAL_Driver/Src/stm32f4xx_ll_exti.o
 .debug_info    0x0000428a      0x950 ./Drivers/STM32F4xx_HAL_Driver/Src/stm32f4xx_ll_gpio.o
 .debug_info    0x00004bda      0xbd2 ./Drivers/STM32F4xx_HAL_Driver/Src/stm32f4xx_ll_rcc.o
 .debug_info    0x000057ac      0x760 ./Drivers/STM32F4xx_HAL_Driver/Src/stm32f4xx_ll_spi.o
 .debug_info    0x00005f0c      0x71b ./Drivers/STM32F4xx_HAL_Driver/Src/stm32f4xx_ll_usart.o
 .debug_info    0x00006627      0x943 ./Drivers/STM32F4xx_HAL_Driver/Src/stm32f4xx_ll_utils.o

.debug_abbrev   0x00000000     0x1a14
 .debug_abbrev  0x00000000      0x204 ./Core/Src/hw_gpio.o
 .debug_abbrev  0x00000204      0x2a2 ./Core/Src/hw_spi.o
 .debug_abbrev  0x000004a6      0x4a9 ./Core/Src/main.o
 .debug_abbrev  0x0000094f      0x310 ./Core/Src/mw_transceiver_rf.o
 .debug_abbrev  0x00000c5f       0x9a ./Core/Src/stm32f4xx_it.o
 .debug_abbrev  0x00000cf9      0x11a ./Core/Src/system_stm32f4xx.o
 .debug_abbrev  0x00000e13       0x24 ./Core/Startup/startup_stm32f446retx.o
 .debug_abbrev  0x00000e37      0x18a ./Drivers/STM32F4xx_HAL_Driver/Src/stm32f4xx_ll_exti.o
 .debug_abbrev  0x00000fc1      0x237 ./Drivers/STM32F4xx_HAL_Driver/Src/stm32f4xx_ll_gpio.o
 .debug_abbrev  0x000011f8      0x1ef ./Drivers/STM32F4xx_HAL_Driver/Src/stm32f4xx_ll_rcc.o
 .debug_abbrev  0x000013e7      0x218 ./Drivers/STM32F4xx_HAL_Driver/Src/stm32f4xx_ll_spi.o
 .debug_abbrev  0x000015ff      0x1f2 ./Drivers/STM32F4xx_HAL_Driver/Src/stm32f4xx_ll_usart.o
 .debug_abbrev  0x000017f1      0x223 ./Drivers/STM32F4xx_HAL_Driver/Src/stm32f4xx_ll_utils.o

.debug_aranges  0x00000000      0x8c8
 .debug_aranges
                0x00000000       0x60 ./Core/Src/hw_gpio.o
 .debug_aranges
                0x00000060       0x80 ./Core/Src/hw_spi.o
 .debug_aranges
                0x000000e0      0x140 ./Core/Src/main.o
 .debug_aranges
                0x00000220      0x108 ./Core/Src/mw_transceiver_rf.o
 .debug_aranges
                0x00000328       0x60 ./Core/Src/stm32f4xx_it.o
 .debug_aranges
                0x00000388       0x28 ./Core/Src/system_stm32f4xx.o
 .debug_aranges
                0x000003b0       0x28 ./Core/Startup/startup_stm32f446retx.o
 .debug_aranges
                0x000003d8       0x70 ./Drivers/STM32F4xx_HAL_Driver/Src/stm32f4xx_ll_exti.o
 .debug_aranges
                0x00000448       0x70 ./Drivers/STM32F4xx_HAL_Driver/Src/stm32f4xx_ll_gpio.o
 .debug_aranges
                0x000004b8      0x200 ./Drivers/STM32F4xx_HAL_Driver/Src/stm32f4xx_ll_rcc.o
 .debug_aranges
                0x000006b8       0x88 ./Drivers/STM32F4xx_HAL_Driver/Src/stm32f4xx_ll_spi.o
 .debug_aranges
                0x00000740       0x88 ./Drivers/STM32F4xx_HAL_Driver/Src/stm32f4xx_ll_usart.o
 .debug_aranges
                0x000007c8      0x100 ./Drivers/STM32F4xx_HAL_Driver/Src/stm32f4xx_ll_utils.o

.debug_rnglists
                0x00000000      0x66d
 .debug_rnglists
                0x00000000       0x43 ./Core/Src/hw_gpio.o
 .debug_rnglists
                0x00000043       0x5b ./Core/Src/hw_spi.o
 .debug_rnglists
                0x0000009e       0xf0 ./Core/Src/main.o
 .debug_rnglists
                0x0000018e       0xc2 ./Core/Src/mw_transceiver_rf.o
 .debug_rnglists
                0x00000250       0x43 ./Core/Src/stm32f4xx_it.o
 .debug_rnglists
                0x00000293       0x1a ./Core/Src/system_stm32f4xx.o
 .debug_rnglists
                0x000002ad       0x19 ./Core/Startup/startup_stm32f446retx.o
 .debug_rnglists
                0x000002c6       0x50 ./Drivers/STM32F4xx_HAL_Driver/Src/stm32f4xx_ll_exti.o
 .debug_rnglists
                0x00000316       0x51 ./Drivers/STM32F4xx_HAL_Driver/Src/stm32f4xx_ll_gpio.o
 .debug_rnglists
                0x00000367      0x180 ./Drivers/STM32F4xx_HAL_Driver/Src/stm32f4xx_ll_rcc.o
 .debug_rnglists
                0x000004e7       0x64 ./Drivers/STM32F4xx_HAL_Driver/Src/stm32f4xx_ll_spi.o
 .debug_rnglists
                0x0000054b       0x64 ./Drivers/STM32F4xx_HAL_Driver/Src/stm32f4xx_ll_usart.o
 .debug_rnglists
                0x000005af       0xbe ./Drivers/STM32F4xx_HAL_Driver/Src/stm32f4xx_ll_utils.o

.debug_macro    0x00000000    0x1ed56
 .debug_macro   0x00000000       0xec ./Core/Src/hw_gpio.o
 .debug_macro   0x000000ec      0xc64 ./Core/Src/hw_gpio.o
 .debug_macro   0x00000d50       0x2e ./Core/Src/hw_gpio.o
 .debug_macro   0x00000d7e       0x28 ./Core/Src/hw_gpio.o
 .debug_macro   0x00000da6       0x1c ./Core/Src/hw_gpio.o
 .debug_macro   0x00000dc2       0x22 ./Core/Src/hw_gpio.o
 .debug_macro   0x00000de4       0x8e ./Core/Src/hw_gpio.o
 .debug_macro   0x00000e72       0x51 ./Core/Src/hw_gpio.o
 .debug_macro   0x00000ec3      0x103 ./Core/Src/hw_gpio.o
 .debug_macro   0x00000fc6       0x6a ./Core/Src/hw_gpio.o
 .debug_macro   0x00001030      0x1df ./Core/Src/hw_gpio.o
 .debug_macro   0x0000120f       0x1c ./Core/Src/hw_gpio.o
 .debug_macro   0x0000122b       0x22 ./Core/Src/hw_gpio.o
 .debug_macro   0x0000124d       0xfb ./Core/Src/hw_gpio.o
 .debug_macro   0x00001348     0x1011 ./Core/Src/hw_gpio.o
 .debug_macro   0x00002359      0x11f ./Core/Src/hw_gpio.o
 .debug_macro   0x00002478    0x1675e ./Core/Src/hw_gpio.o
 .debug_macro   0x00018bd6       0x6d ./Core/Src/hw_gpio.o
 .debug_macro   0x00018c43      0x143 ./Core/Src/hw_gpio.o
 .debug_macro   0x00018d86      0x108 ./Core/Src/hw_spi.o
 .debug_macro   0x00018e8e      0x23b ./Core/Src/hw_spi.o
 .debug_macro   0x000190c9      0x149 ./Core/Src/hw_spi.o
 .debug_macro   0x00019212       0x61 ./Core/Src/hw_spi.o
 .debug_macro   0x00019273      0x1b2 ./Core/Src/main.o
 .debug_macro   0x00019425      0xd63 ./Core/Src/main.o
 .debug_macro   0x0001a188      0x1db ./Core/Src/main.o
 .debug_macro   0x0001a363      0x21c ./Core/Src/main.o
 .debug_macro   0x0001a57f       0xe8 ./Core/Src/main.o
 .debug_macro   0x0001a667      0x1a6 ./Core/Src/main.o
 .debug_macro   0x0001a80d       0xd5 ./Core/Src/main.o
 .debug_macro   0x0001a8e2      0x1e6 ./Core/Src/main.o
 .debug_macro   0x0001aac8      0x241 ./Core/Src/main.o
 .debug_macro   0x0001ad09      0x1bb ./Core/Src/main.o
 .debug_macro   0x0001aec4       0xbe ./Core/Src/main.o
 .debug_macro   0x0001af82      0x1f2 ./Core/Src/main.o
 .debug_macro   0x0001b174       0x10 ./Core/Src/main.o
 .debug_macro   0x0001b184       0xc8 ./Core/Src/main.o
 .debug_macro   0x0001b24c      0x103 ./Core/Src/main.o
 .debug_macro   0x0001b34f      0x368 ./Core/Src/main.o
 .debug_macro   0x0001b6b7       0x10 ./Core/Src/main.o
 .debug_macro   0x0001b6c7      0x153 ./Core/Src/mw_transceiver_rf.o
 .debug_macro   0x0001b81a      0x150 ./Core/Src/stm32f4xx_it.o
 .debug_macro   0x0001b96a      0xb1a ./Core/Src/stm32f4xx_it.o
 .debug_macro   0x0001c484     0x1011 ./Core/Src/stm32f4xx_it.o
 .debug_macro   0x0001d495       0xce ./Core/Src/system_stm32f4xx.o
 .debug_macro   0x0001d563       0xf5 ./Drivers/STM32F4xx_HAL_Driver/Src/stm32f4xx_ll_exti.o
 .debug_macro   0x0001d658       0xe2 ./Drivers/STM32F4xx_HAL_Driver/Src/stm32f4xx_ll_exti.o
 .debug_macro   0x0001d73a      0x110 ./Drivers/STM32F4xx_HAL_Driver/Src/stm32f4xx_ll_gpio.o
 .debug_macro   0x0001d84a      0x10d ./Drivers/STM32F4xx_HAL_Driver/Src/stm32f4xx_ll_rcc.o
 .debug_macro   0x0001d957      0x17d ./Drivers/STM32F4xx_HAL_Driver/Src/stm32f4xx_ll_spi.o
 .debug_macro   0x0001dad4      0xd69 ./Drivers/STM32F4xx_HAL_Driver/Src/stm32f4xx_ll_spi.o
 .debug_macro   0x0001e83d      0x13d ./Drivers/STM32F4xx_HAL_Driver/Src/stm32f4xx_ll_usart.o
 .debug_macro   0x0001e97a      0x1b5 ./Drivers/STM32F4xx_HAL_Driver/Src/stm32f4xx_ll_usart.o
 .debug_macro   0x0001eb2f      0x1cc ./Drivers/STM32F4xx_HAL_Driver/Src/stm32f4xx_ll_utils.o
 .debug_macro   0x0001ecfb       0x5b ./Drivers/STM32F4xx_HAL_Driver/Src/stm32f4xx_ll_utils.o

.debug_line     0x00000000     0x70ad
 .debug_line    0x00000000      0x619 ./Core/Src/hw_gpio.o
 .debug_line    0x00000619      0x761 ./Core/Src/hw_spi.o
 .debug_line    0x00000d7a      0xfa8 ./Core/Src/main.o
 .debug_line    0x00001d22      0xcf9 ./Core/Src/mw_transceiver_rf.o
 .debug_line    0x00002a1b      0x6cd ./Core/Src/stm32f4xx_it.o
 .debug_line    0x000030e8      0x566 ./Core/Src/system_stm32f4xx.o
 .debug_line    0x0000364e       0x7a ./Core/Startup/startup_stm32f446retx.o
 .debug_line    0x000036c8      0x68d ./Drivers/STM32F4xx_HAL_Driver/Src/stm32f4xx_ll_exti.o
 .debug_line    0x00003d55      0x8dc ./Drivers/STM32F4xx_HAL_Driver/Src/stm32f4xx_ll_gpio.o
 .debug_line    0x00004631     0x10b1 ./Drivers/STM32F4xx_HAL_Driver/Src/stm32f4xx_ll_rcc.o
 .debug_line    0x000056e2      0x7a2 ./Drivers/STM32F4xx_HAL_Driver/Src/stm32f4xx_ll_spi.o
 .debug_line    0x00005e84      0x789 ./Drivers/STM32F4xx_HAL_Driver/Src/stm32f4xx_ll_usart.o
 .debug_line    0x0000660d      0xaa0 ./Drivers/STM32F4xx_HAL_Driver/Src/stm32f4xx_ll_utils.o

.debug_str      0x00000000    0xa40dc
 .debug_str     0x00000000    0xa40dc ./Core/Src/hw_gpio.o
                              0x8c26c (size before relaxing)
 .debug_str     0x000a40dc    0x8d388 ./Core/Src/hw_spi.o
 .debug_str     0x000a40dc    0x9ff9b ./Core/Src/main.o
 .debug_str     0x000a40dc    0x900ff ./Core/Src/mw_transceiver_rf.o
 .debug_str     0x000a40dc    0x9c05c ./Core/Src/stm32f4xx_it.o
 .debug_str     0x000a40dc    0x8b48b ./Core/Src/system_stm32f4xx.o
 .debug_str     0x000a40dc       0xb0 ./Core/Startup/startup_stm32f446retx.o
 .debug_str     0x000a40dc    0x8bb0c ./Drivers/STM32F4xx_HAL_Driver/Src/stm32f4xx_ll_exti.o
 .debug_str     0x000a40dc    0x8ce8f ./Drivers/STM32F4xx_HAL_Driver/Src/stm32f4xx_ll_gpio.o
 .debug_str     0x000a40dc    0x95998 ./Drivers/STM32F4xx_HAL_Driver/Src/stm32f4xx_ll_rcc.o
 .debug_str     0x000a40dc    0x977ac ./Drivers/STM32F4xx_HAL_Driver/Src/stm32f4xx_ll_spi.o
 .debug_str     0x000a40dc    0x9732f ./Drivers/STM32F4xx_HAL_Driver/Src/stm32f4xx_ll_usart.o
 .debug_str     0x000a40dc    0x98094 ./Drivers/STM32F4xx_HAL_Driver/Src/stm32f4xx_ll_utils.o

.comment        0x00000000       0x43
 .comment       0x00000000       0x43 ./Core/Src/hw_gpio.o
                                 0x44 (size before relaxing)
 .comment       0x00000043       0x44 ./Core/Src/hw_spi.o
 .comment       0x00000043       0x44 ./Core/Src/main.o
 .comment       0x00000043       0x44 ./Core/Src/mw_transceiver_rf.o
 .comment       0x00000043       0x44 ./Core/Src/stm32f4xx_it.o
 .comment       0x00000043       0x44 ./Core/Src/system_stm32f4xx.o
 .comment       0x00000043       0x44 ./Drivers/STM32F4xx_HAL_Driver/Src/stm32f4xx_ll_exti.o
 .comment       0x00000043       0x44 ./Drivers/STM32F4xx_HAL_Driver/Src/stm32f4xx_ll_gpio.o
 .comment       0x00000043       0x44 ./Drivers/STM32F4xx_HAL_Driver/Src/stm32f4xx_ll_rcc.o
 .comment       0x00000043       0x44 ./Drivers/STM32F4xx_HAL_Driver/Src/stm32f4xx_ll_spi.o
 .comment       0x00000043       0x44 ./Drivers/STM32F4xx_HAL_Driver/Src/stm32f4xx_ll_usart.o
 .comment       0x00000043       0x44 ./Drivers/STM32F4xx_HAL_Driver/Src/stm32f4xx_ll_utils.o

.debug_frame    0x00000000     0x23a4
 .debug_frame   0x00000000      0x168 ./Core/Src/hw_gpio.o
 .debug_frame   0x00000168      0x204 ./Core/Src/hw_spi.o
 .debug_frame   0x0000036c      0x564 ./Core/Src/main.o
 .debug_frame   0x000008d0      0x448 ./Core/Src/mw_transceiver_rf.o
 .debug_frame   0x00000d18      0x108 ./Core/Src/stm32f4xx_it.o
 .debug_frame   0x00000e20       0x58 ./Core/Src/system_stm32f4xx.o
 .debug_frame   0x00000e78      0x1bc ./Drivers/STM32F4xx_HAL_Driver/Src/stm32f4xx_ll_exti.o
 .debug_frame   0x00001034      0x1c0 ./Drivers/STM32F4xx_HAL_Driver/Src/stm32f4xx_ll_gpio.o
 .debug_frame   0x000011f4      0x87c ./Drivers/STM32F4xx_HAL_Driver/Src/stm32f4xx_ll_rcc.o
 .debug_frame   0x00001a70      0x230 ./Drivers/STM32F4xx_HAL_Driver/Src/stm32f4xx_ll_spi.o
 .debug_frame   0x00001ca0      0x240 ./Drivers/STM32F4xx_HAL_Driver/Src/stm32f4xx_ll_usart.o
 .debug_frame   0x00001ee0      0x418 ./Drivers/STM32F4xx_HAL_Driver/Src/stm32f4xx_ll_utils.o
 .debug_frame   0x000022f8       0x20 C:/ST/STM32CubeIDE_1.16.0/STM32CubeIDE/plugins/com.st.stm32cube.ide.mcu.externaltools.gnu-tools-for-stm32.13.3.rel1.win32_1.0.0.202411081344/tools/bin/../lib/gcc/arm-none-eabi/13.3.1/../../../../arm-none-eabi/lib/thumb/v7e-m+fp/hard\libc_nano.a(libc_a-memset.o)
 .debug_frame   0x00002318       0x2c C:/ST/STM32CubeIDE_1.16.0/STM32CubeIDE/plugins/com.st.stm32cube.ide.mcu.externaltools.gnu-tools-for-stm32.13.3.rel1.win32_1.0.0.202411081344/tools/bin/../lib/gcc/arm-none-eabi/13.3.1/../../../../arm-none-eabi/lib/thumb/v7e-m+fp/hard\libc_nano.a(libc_a-init.o)
 .debug_frame   0x00002344       0x2c C:/ST/STM32CubeIDE_1.16.0/STM32CubeIDE/plugins/com.st.stm32cube.ide.mcu.externaltools.gnu-tools-for-stm32.13.3.rel1.win32_1.0.0.202411081344/tools/bin/../lib/gcc/arm-none-eabi/13.3.1/thumb/v7e-m+fp/hard\libgcc.a(_aeabi_uldivmod.o)
 .debug_frame   0x00002370       0x34 C:/ST/STM32CubeIDE_1.16.0/STM32CubeIDE/plugins/com.st.stm32cube.ide.mcu.externaltools.gnu-tools-for-stm32.13.3.rel1.win32_1.0.0.202411081344/tools/bin/../lib/gcc/arm-none-eabi/13.3.1/thumb/v7e-m+fp/hard\libgcc.a(_udivmoddi4.o)

.debug_line_str
                0x00000000       0x94
 .debug_line_str
                0x00000000       0x94 ./Core/Startup/startup_stm32f446retx.o
