../Drivers/CMSIS/Include/core_cm4.h:1653:22:void __NVIC_SetPriorityGrouping(uint32_t)	24	static
../Drivers/STM32F4xx_HAL_Driver/Inc/stm32f4xx_ll_rcc.h:2988:22:void LL_RCC_HSI_Enable()	4	static
../Drivers/STM32F4xx_HAL_Driver/Inc/stm32f4xx_ll_rcc.h:3008:26:uint32_t LL_RCC_HSI_IsReady()	4	static
../Drivers/STM32F4xx_HAL_Driver/Inc/stm32f4xx_ll_rcc.h:3034:22:void LL_RCC_HSI_SetCalibTrimming(uint32_t)	16	static
../Drivers/STM32F4xx_HAL_Driver/Inc/stm32f4xx_ll_rcc.h:3189:22:void LL_RCC_SetSysClkSource(uint32_t)	16	static
../Drivers/STM32F4xx_HAL_Driver/Inc/stm32f4xx_ll_rcc.h:3205:26:uint32_t LL_RCC_GetSysClkSource()	4	static
../Drivers/STM32F4xx_HAL_Driver/Inc/stm32f4xx_ll_rcc.h:3225:22:void LL_RCC_SetAHBPrescaler(uint32_t)	16	static
../Drivers/STM32F4xx_HAL_Driver/Inc/stm32f4xx_ll_rcc.h:3241:22:void LL_RCC_SetAPB1Prescaler(uint32_t)	16	static
../Drivers/STM32F4xx_HAL_Driver/Inc/stm32f4xx_ll_rcc.h:3257:22:void LL_RCC_SetAPB2Prescaler(uint32_t)	16	static
../Drivers/STM32F4xx_HAL_Driver/Inc/stm32f4xx_ll_rcc.h:4154:22:void LL_RCC_SetTIMPrescaler(uint32_t)	16	static
../Drivers/STM32F4xx_HAL_Driver/Inc/stm32f4xx_ll_rcc.h:4185:22:void LL_RCC_PLL_Enable()	4	static
../Drivers/STM32F4xx_HAL_Driver/Inc/stm32f4xx_ll_rcc.h:4206:26:uint32_t LL_RCC_PLL_IsReady()	4	static
../Drivers/STM32F4xx_HAL_Driver/Inc/stm32f4xx_ll_rcc.h:4305:22:void LL_RCC_PLL_ConfigDomain_SYS(uint32_t, uint32_t, uint32_t, uint32_t)	24	static
../Drivers/STM32F4xx_HAL_Driver/Inc/stm32f4xx_ll_bus.h:409:22:void LL_AHB1_GRP1_EnableClock(uint32_t)	24	static
../Drivers/STM32F4xx_HAL_Driver/Inc/stm32f4xx_ll_bus.h:1185:22:void LL_APB1_GRP1_EnableClock(uint32_t)	24	static
../Drivers/STM32F4xx_HAL_Driver/Inc/stm32f4xx_ll_bus.h:1704:22:void LL_APB2_GRP1_EnableClock(uint32_t)	24	static
../Drivers/STM32F4xx_HAL_Driver/Inc/stm32f4xx_ll_system.h:671:22:void LL_SYSCFG_SetEXTISource(uint32_t, uint32_t)	32	static,ignoring_inline_asm
../Drivers/STM32F4xx_HAL_Driver/Inc/stm32f4xx_ll_system.h:1543:22:void LL_FLASH_SetLatency(uint32_t)	16	static
../Drivers/STM32F4xx_HAL_Driver/Inc/stm32f4xx_ll_system.h:1569:26:uint32_t LL_FLASH_GetLatency()	4	static
../Drivers/STM32F4xx_HAL_Driver/Inc/stm32f4xx_ll_pwr.h:353:22:void LL_PWR_DisableOverDriveMode()	4	static
../Drivers/STM32F4xx_HAL_Driver/Inc/stm32f4xx_ll_pwr.h:505:22:void LL_PWR_SetRegulVoltageScaling(uint32_t)	16	static
../Drivers/STM32F4xx_HAL_Driver/Inc/stm32f4xx_ll_pwr.h:883:26:uint32_t LL_PWR_IsActiveFlag_VOS()	4	static
../Drivers/STM32F4xx_HAL_Driver/Inc/stm32f4xx_ll_spi.h:378:22:void LL_SPI_SetStandard(SPI_TypeDef*, uint32_t)	16	static
../Drivers/STM32F4xx_HAL_Driver/Inc/stm32f4xx_ll_usart.h:410:22:void LL_USART_Enable(USART_TypeDef*)	16	static
../Drivers/STM32F4xx_HAL_Driver/Inc/stm32f4xx_ll_usart.h:1479:22:void LL_USART_ConfigAsyncMode(USART_TypeDef*)	16	static
../Drivers/STM32F4xx_HAL_Driver/Inc/stm32f4xx_ll_usart.h:1814:26:uint32_t LL_USART_IsActiveFlag_TXE(const USART_TypeDef*)	16	static
../Drivers/STM32F4xx_HAL_Driver/Inc/stm32f4xx_ll_usart.h:2426:22:void LL_USART_TransmitData8(USART_TypeDef*, uint8_t)	16	static
../Drivers/STM32F4xx_HAL_Driver/Inc/stm32f4xx_ll_gpio.h:273:22:void LL_GPIO_SetPinMode(GPIO_TypeDef*, uint32_t, uint32_t)	48	static,ignoring_inline_asm
../Drivers/STM32F4xx_HAL_Driver/Inc/stm32f4xx_ll_gpio.h:484:22:void LL_GPIO_SetPinPull(GPIO_TypeDef*, uint32_t, uint32_t)	48	static,ignoring_inline_asm
../Drivers/STM32F4xx_HAL_Driver/Inc/stm32f4xx_ll_gpio.h:910:22:void LL_GPIO_ResetOutputPin(GPIO_TypeDef*, uint32_t)	16	static
../Core/Src/main.cpp:61:16:int __io_putchar(int)	16	static
../Core/Src/main.cpp:83:5:int main()	56	static
../Core/Src/main.cpp:144:6:void SystemClock_Config()	8	static
../Core/Src/main.cpp:191:13:void MX_SPI3_Init()	72	static
../Core/Src/main.cpp:254:13:void MX_USART2_UART_Init()	64	static
../Core/Src/main.cpp:305:13:void MX_GPIO_Init()	40	static
../Core/Src/main.cpp:386:6:void Error_Handler()	4	static,ignoring_inline_asm
